// Jest Snapshot v1, https://goo.gl/fbAQLP

exports[`Inspector2UpdateOrganizationConfigurationResource creates required resources 1`] = `
{
  "Parameters": {
    "BootstrapVersion": {
      "Default": "/cdk-bootstrap/hnb659fds/version",
      "Description": "Version of the CDK Bootstrap resources in this environment, automatically retrieved from SSM Parameter Store. [cdk:skip]",
      "Type": "AWS::SSM::Parameter::Value<String>",
    },
  },
  "Resources": {
    "AWS679f53fac002430cb0da5b7982bd22872D164C4C": {
      "DependsOn": [
        "AWS679f53fac002430cb0da5b7982bd2287ServiceRoleC1EA0FF2",
      ],
      "Properties": {
        "Code": {
          "S3Bucket": {
            "Fn::Sub": "cdk-hnb659fds-assets-\${AWS::AccountId}-\${AWS::Region}",
          },
          "S3Key": "6bbce4c77566d179835e0a6de3293a27d9021f2f49d0055bb8e465eb6e1d89b1.zip",
        },
        "Handler": "index.handler",
        "Role": {
          "Fn::GetAtt": [
            "AWS679f53fac002430cb0da5b7982bd2287ServiceRoleC1EA0FF2",
            "Arn",
          ],
        },
        "Runtime": "nodejs14.x",
        "Timeout": 120,
      },
      "Type": "AWS::Lambda::Function",
    },
    "AWS679f53fac002430cb0da5b7982bd2287ServiceRoleC1EA0FF2": {
      "Properties": {
        "AssumeRolePolicyDocument": {
          "Statement": [
            {
              "Action": "sts:AssumeRole",
              "Effect": "Allow",
              "Principal": {
                "Service": "lambda.amazonaws.com",
              },
            },
          ],
          "Version": "2012-10-17",
        },
        "ManagedPolicyArns": [
          {
            "Fn::Join": [
              "",
              [
                "arn:",
                {
                  "Ref": "AWS::Partition",
                },
                ":iam::aws:policy/service-role/AWSLambdaBasicExecutionRole",
              ],
            ],
          },
        ],
      },
      "Type": "AWS::IAM::Role",
    },
    "Inspector2UpdateOrganizationConfigurationResource131B413F": {
      "DeletionPolicy": "Delete",
      "DependsOn": [
        "Inspector2UpdateOrganizationConfigurationResourceCustomResourcePolicy8B00C587",
      ],
      "Properties": {
        "Create": "{"service":"Inspector2","action":"updateOrganizationConfiguration","parameters":{"autoEnable":{"ec2":true,"ecr":true,"lambda":true}},"physicalResourceId":{"id":"eyJhdXRvRW5hYmxlIjp7ImVjMiI6dHJ1ZSwiZWNyIjp0cnVlLCJsYW1iZGEiOnRydWV9fQ=="}}",
        "InstallLatestAwsSdk": true,
        "ServiceToken": {
          "Fn::GetAtt": [
            "AWS679f53fac002430cb0da5b7982bd22872D164C4C",
            "Arn",
          ],
        },
        "Update": "{"service":"Inspector2","action":"updateOrganizationConfiguration","parameters":{"autoEnable":{"ec2":true,"ecr":true,"lambda":true}},"physicalResourceId":{"id":"eyJhdXRvRW5hYmxlIjp7ImVjMiI6dHJ1ZSwiZWNyIjp0cnVlLCJsYW1iZGEiOnRydWV9fQ=="}}",
      },
      "Type": "Custom::Inspector2OrganizationConfiguration",
      "UpdateReplacePolicy": "Delete",
    },
    "Inspector2UpdateOrganizationConfigurationResourceCustomResourcePolicy8B00C587": {
      "Properties": {
        "PolicyDocument": {
          "Statement": [
            {
              "Action": "inspector2:UpdateOrganizationConfiguration",
              "Effect": "Allow",
              "Resource": "*",
            },
          ],
          "Version": "2012-10-17",
        },
        "PolicyName": "Inspector2UpdateOrganizationConfigurationResourceCustomResourcePolicy8B00C587",
        "Roles": [
          {
            "Ref": "AWS679f53fac002430cb0da5b7982bd2287ServiceRoleC1EA0FF2",
          },
        ],
      },
      "Type": "AWS::IAM::Policy",
    },
  },
  "Rules": {
    "CheckBootstrapVersion": {
      "Assertions": [
        {
          "Assert": {
            "Fn::Not": [
              {
                "Fn::Contains": [
                  [
                    "1",
                    "2",
                    "3",
                    "4",
                    "5",
                  ],
                  {
                    "Ref": "BootstrapVersion",
                  },
                ],
              },
            ],
          },
          "AssertDescription": "CDK bootstrap stack version 6 required. Please run 'cdk bootstrap' with a recent version of the CDK CLI.",
        },
      ],
    },
  },
}
`;
